// Jest Snapshot v1, https://goo.gl/fbAQLP

exports[`Avatar should include accessibility label and role 1`] = `
<View
  accessibilityState={
    {
      "busy": undefined,
      "checked": undefined,
      "disabled": undefined,
      "expanded": undefined,
      "selected": undefined,
    }
  }
  accessibilityValue={
    {
      "max": undefined,
      "min": undefined,
      "now": undefined,
      "text": undefined,
    }
  }
  accessible={true}
  collapsable={false}
  enableFocusRing={false}
  focusable={true}
  onBlur={[Function]}
  onClick={[Function]}
  onFocus={[Function]}
  onResponderGrant={[Function]}
  onResponderMove={[Function]}
  onResponderRelease={[Function]}
  onResponderTerminate={[Function]}
  onResponderTerminationRequest={[Function]}
  onStartShouldSetResponder={[Function]}
  style={
    {
      "alignSelf": "stretch",
      "display": "flex",
      "flexBasis": 0,
      "flexDirection": "column",
      "flexGrow": 1,
      "flexShrink": 1,
      "outlineStyle": "none",
    }
  }
  testID="bearei__material--test-id"
>
  <View
    accessibilityLabel="Avatar: A"
    accessibilityRole="image"
    accessible={true}
    pointerEvents="none"
    style={
      {
        "alignItems": "center",
        "display": "flex",
        "flexDirection": "column",
        "height": 237,
        "justifyContent": "center",
        "width": 237,
      }
    }
    testID="avatar--test-id"
  >
    <View
      shape="FULL"
      style={
        {
          "alignItems": "center",
          "backgroundColor": "#99C6C5",
          "borderBottomLeftRadius": 49281,
          "borderBottomRightRadius": 49281,
          "borderColor": "transparent",
          "borderTopLeftRadius": 49281,
          "borderTopRightRadius": 49281,
          "borderWidth": 0,
          "display": "flex",
          "flexDirection": "column",
          "height": 197,
          "justifyContent": "center",
          "overflow": "hidden",
          "width": 197,
        }
      }
      testID="avatar__content--test-id"
    >
      <Text
        ellipsizeMode="tail"
        numberOfLines={1}
        size="MEDIUM"
        style={
          {
            "color": "#023636",
            "fontFamily": "System",
            "fontSize": 158,
            "fontStyle": "normal",
            "fontWeight": "500",
            "height": 118,
            "letterSpacing": 1,
            "lineHeight": 118,
            "minHeight": 118,
          }
        }
        testID="avatar__labelText--test-id"
        type="TITLE"
      >
        A
      </Text>
    </View>
  </View>
</View>
`;
